# serializer version: 1
# name: test_config_entry_diagnostics
  dict({
    'config_entry': dict({
      'created_at': '2026-01-01T00:00:00+00:00',
      'data': dict({
        'account_type': 'google',
        'cookies': '**REDACTED**',
        'issue_token': '**REDACTED**',
      }),
      'disabled_by': None,
      'discovery_keys': dict({
      }),
      'domain': 'nest_legacy',
      'entry_id': '01JN5YFBWEK4H1QHQ2XMR6PM4X',
      'minor_version': 1,
      'modified_at': '2026-01-01T00:00:00+00:00',
      'options': dict({
      }),
      'pref_disable_new_entities': False,
      'pref_disable_polling': False,
      'source': 'user',
      'subentries': list([
      ]),
      'title': '**REDACTED**',
      'unique_id': '1234567890',
      'version': 1,
    }),
    'processed_data': dict({
      '00000000-0000-0000-0000-000000000001': dict({
        'battery_voltage': None,
        'is_protobuf': False,
        'location': None,
        'mac_address': None,
        'mode': 'home',
        'model': None,
        'name': '**REDACTED**',
        'object_key': 'STRUCTURE_0000000000000001',
        'online': True,
        'serial_number': '00000000-0000-0000-0000-000000000001',
        'software_version': None,
      }),
      '09AA00AA00AA0AA1': dict({
        'battery_health_state': 0,
        'battery_level': 100,
        'battery_voltage': 5.8,
        'co_status': False,
        'component_buzzer_test_passed': True,
        'component_co_test_passed': True,
        'component_hum_test_passed': True,
        'component_led_test_passed': True,
        'component_pir_test_passed': True,
        'component_smoke_test_passed': True,
        'component_speaker_test_passed': True,
        'component_wifi_test_passed': True,
        'heads_up_enable': True,
        'heat_status': False,
        'is_protobuf': False,
        'last_audio_self_test_end_utc_secs': 1767225600,
        'latest_manual_test_end_utc_secs': 1767225600,
        'location': '**REDACTED**',
        'mac_address': '**REDACTED**',
        'model': 'Topaz-2.7',
        'name': '**REDACTED**',
        'night_light_brightness': 2,
        'night_light_enable': True,
        'ntp_green_led_enable': True,
        'object_key': 'topaz.09AA00AA00AA0AA1',
        'online': True,
        'removed_from_base': False,
        'replace_by_date': dict({
          '__type': "<class 'datetime.date'>",
          'isoformat': '2030-01-01',
        }),
        'serial_number': '09AA00AA00AA0AA1',
        'smoke_status': False,
        'software_version': '3.4.2',
        'steam_detection_enable': True,
      }),
      '09AA00AA00AA0AAA': dict({
        'backplate_temperature': 21.05,
        'battery_level': 86.66666666666664,
        'battery_voltage': 3.86,
        'can_cool': True,
        'can_heat': True,
        'current_humidity': 43,
        'current_temperature': 21.11,
        'current_water_temperature': 51.5,
        'dehumidifier_state': False,
        'dual_fuel_breakpoint': None,
        'dual_fuel_breakpoint_override': None,
        'fan_duration': 900,
        'fan_max_speed': 1,
        'fan_state': False,
        'fan_timer_speed': 1,
        'fan_timer_timeout': 0,
        'filter_replacement_needed': None,
        'filter_runtime': None,
        'has_air_filter': False,
        'has_dehumidifier': False,
        'has_dual_fuel': False,
        'has_fan': True,
        'has_hot_water_control': True,
        'has_hot_water_temperature': True,
        'has_humidifier': True,
        'heat_link_model': 'Amber-2.5',
        'heat_link_serial_number': '09AA00AA00AA0AAB',
        'heat_link_sw_version': '2.1.4',
        'hot_water_active': False,
        'hot_water_away_enabled': True,
        'hot_water_boost_time_to_end': 0,
        'hot_water_control_active': False,
        'hot_water_mode': 'schedule',
        'hot_water_temperature': 55.0,
        'humidifier_state': False,
        'hvac_mode': 'heat',
        'hvac_state': 'heating',
        'is_eco_mode': False,
        'is_protobuf': False,
        'leaf': False,
        'location': '**REDACTED**',
        'mac_address': '**REDACTED**',
        'model': 'Learning Thermostat, 3rd Gen',
        'name': '**REDACTED**',
        'object_key': 'device.09AA00AA00AA0AAA',
        'occupancy': True,
        'online': True,
        'serial_number': '09AA00AA00AA0AAA',
        'software_version': '6.2-24',
        'target_humidity': 35,
        'target_temperature': 22.22222222222222,
        'target_temperature_high': 24.444444444444443,
        'target_temperature_low': 20.0,
        'temperature_lock': False,
        'temperature_scale': 'F',
      }),
      '09AA00AA00AA0AAB': dict({
        'associated_thermostat_object_key': 'device.09AA00AA00AA0AAA',
        'battery_voltage': None,
        'current_temperature': 51.5,
        'has_hot_water_control': True,
        'has_hot_water_temperature': True,
        'hot_water_active': False,
        'hot_water_away_enabled': True,
        'hot_water_boost_time_to_end': 0,
        'hot_water_control_active': False,
        'hot_water_mode': 'schedule',
        'is_protobuf': False,
        'location': '**REDACTED**',
        'mac_address': None,
        'model': 'Heat Link for Learning Thermostat (3rd gen, EU)',
        'name': '**REDACTED**',
        'object_key': 'heatlink.09AA00AA00AA0AAB',
        'online': True,
        'serial_number': '09AA00AA00AA0AAB',
        'software_version': '2.1.4',
        'target_temperature': 55.0,
        'temperature_scale': 'F',
      }),
      '18B430CCCCCC0001': dict({
        'associated_thermostat_object_key': 'device.09AA00AA00AA0AAA',
        'battery_level': 92.0,
        'battery_voltage': None,
        'current_temperature': 19.5,
        'is_active_sensor': False,
        'is_protobuf': False,
        'location': '**REDACTED**',
        'mac_address': None,
        'model': 'Temperature Sensor',
        'name': '**REDACTED**',
        'object_key': 'kryptonite.18B430CCCCCC0001',
        'online': True,
        'serial_number': '18B430CCCCCC0001',
        'software_version': None,
      }),
      '18B430CCCCCC0002': dict({
        'audio_enabled': True,
        'battery_level': 75.92592592592591,
        'battery_voltage': 4.1,
        'doorbell_chime_assist_enabled': False,
        'has_indoor_chime': True,
        'indoor_chime_enabled': True,
        'irled_enabled': True,
        'is_protobuf': False,
        'is_streaming': True,
        'location': '**REDACTED**',
        'mac_address': '**REDACTED**',
        'model': 'Nest Hello Doorbell',
        'name': '**REDACTED**',
        'nexus_api_http_server_url': 'https://nexusapi-test.dropcam.com',
        'object_key': 'quartz.18B430CCCCCC0002',
        'online': True,
        'serial_number': '18B430CCCCCC0002',
        'software_version': '1.2.3',
        'status_led_enabled': True,
        'streaming_enabled': True,
        'structure_id': '00000000-0000-0000-0000-000000000001',
        'video_flipped': False,
        'web_url': 'https://home.nest.com/cameras/18B430CCCCCC0002',
      }),
      '18B430DDDDDD0001': dict({
        'auto_relock_duration': 120,
        'auto_relock_on': True,
        'battery_level': 85.00000238418579,
        'battery_voltage': 5.800000190734863,
        'bolt_actor': 'keypad',
        'bolt_state': 'locked',
        'is_protobuf': True,
        'location': '**REDACTED**',
        'mac_address': None,
        'max_auto_relock_duration': 600,
        'model': 'Nest x Yale Lock',
        'name': '**REDACTED**',
        'object_key': 'DEVICE_0000000000000002',
        'online': True,
        'serial_number': '18B430DDDDDD0001',
        'software_version': '1.0.9',
        'tampered': False,
      }),
      '18B430DDDDDD0002': dict({
        'backplate_temperature': None,
        'battery_level': 0.0,
        'battery_voltage': None,
        'can_cool': True,
        'can_heat': True,
        'current_humidity': None,
        'current_temperature': None,
        'current_water_temperature': None,
        'dehumidifier_state': False,
        'dual_fuel_breakpoint': -2.1872711181640625,
        'dual_fuel_breakpoint_override': 'none',
        'fan_duration': 900,
        'fan_max_speed': 1,
        'fan_state': False,
        'fan_timer_speed': 1,
        'fan_timer_timeout': 0,
        'filter_replacement_needed': None,
        'filter_runtime': None,
        'has_air_filter': False,
        'has_dehumidifier': False,
        'has_dual_fuel': True,
        'has_fan': False,
        'has_hot_water_control': False,
        'has_hot_water_temperature': False,
        'has_humidifier': False,
        'heat_link_model': None,
        'heat_link_serial_number': None,
        'heat_link_sw_version': None,
        'hot_water_active': False,
        'hot_water_away_enabled': False,
        'hot_water_boost_time_to_end': 0,
        'hot_water_control_active': False,
        'hot_water_mode': 'off',
        'hot_water_temperature': None,
        'humidifier_state': False,
        'hvac_mode': 'off',
        'hvac_state': 'off',
        'is_eco_mode': False,
        'is_protobuf': True,
        'leaf': False,
        'location': '**REDACTED**',
        'mac_address': None,
        'model': 'Thermostat',
        'name': '**REDACTED**',
        'object_key': 'DEVICE_0000000000000003',
        'occupancy': True,
        'online': True,
        'serial_number': '18B430DDDDDD0002',
        'software_version': '6.2-24',
        'target_humidity': None,
        'target_temperature': None,
        'target_temperature_high': None,
        'target_temperature_low': None,
        'temperature_lock': False,
        'temperature_scale': 'F',
      }),
      '18B430DDDDDD0003': dict({
        'battery_health_state': 0,
        'battery_level': 0.0,
        'battery_voltage': None,
        'co_status': False,
        'component_buzzer_test_passed': True,
        'component_co_test_passed': True,
        'component_hum_test_passed': True,
        'component_led_test_passed': True,
        'component_pir_test_passed': True,
        'component_smoke_test_passed': True,
        'component_speaker_test_passed': True,
        'component_wifi_test_passed': True,
        'heads_up_enable': False,
        'heat_status': False,
        'is_protobuf': True,
        'last_audio_self_test_end_utc_secs': 0,
        'latest_manual_test_end_utc_secs': 0,
        'location': '**REDACTED**',
        'mac_address': None,
        'model': 'Nest Protect (Battery)',
        'name': '**REDACTED**',
        'night_light_brightness': None,
        'night_light_enable': False,
        'ntp_green_led_enable': False,
        'object_key': 'DEVICE_0000000000000004',
        'online': True,
        'removed_from_base': False,
        'replace_by_date': None,
        'serial_number': '18B430DDDDDD0003',
        'smoke_status': False,
        'software_version': '3.4.2',
        'steam_detection_enable': False,
      }),
      '18B430DDDDDD0004': dict({
        'audio_enabled': True,
        'battery_level': None,
        'battery_voltage': None,
        'irled_enabled': False,
        'is_protobuf': True,
        'is_streaming': True,
        'location': '**REDACTED**',
        'mac_address': None,
        'model': 'Camera (unknown)',
        'name': '**REDACTED**',
        'nexus_api_http_server_url': 'https://nexusapi.dropcam.com',
        'object_key': 'DEVICE_0000000000000005',
        'online': True,
        'serial_number': '18B430DDDDDD0004',
        'software_version': '1.2.3',
        'status_led_enabled': False,
        'streaming_enabled': True,
        'structure_id': None,
        'video_flipped': False,
        'web_url': 'https://home.nest.com/camera/DEVICE_0000000000000005',
      }),
      '18B430DDDDDD0005': dict({
        'associated_thermostat_object_key': None,
        'battery_level': 70.99999785423279,
        'battery_voltage': None,
        'current_temperature': 19.5,
        'is_active_sensor': False,
        'is_protobuf': True,
        'location': '**REDACTED**',
        'mac_address': None,
        'model': 'Temperature Sensor',
        'name': '**REDACTED**',
        'object_key': 'DEVICE_0000000000000006',
        'online': True,
        'serial_number': '18B430DDDDDD0005',
        'software_version': None,
      }),
    }),
    'raw_api_data': dict({
      'DEVICE_0000000000000002': dict({
        'nest.trait.located.DeviceLocatedSettingsTrait': dict({
          'whereAnnotationRid': dict({
            'resourceId': 'where-front-door',
          }),
        }),
        'nest.trait.security.EnhancedBoltLockSettingsTrait': dict({
          'autoRelockDuration': '120s',
          'autoRelockOn': True,
        }),
        'weave.trait.description.DeviceIdentityTrait': dict({
          'serialNumber': '18B430DDDDDD0001',
          'softwareVersion': '1.0.9',
        }),
        'weave.trait.description.LabelSettingsTrait': dict({
          'label': 'Front Door',
        }),
        'weave.trait.heartbeat.LivenessTrait': dict({
          'status': 'LIVENESS_DEVICE_STATUS_ONLINE',
        }),
        'weave.trait.power.BatteryPowerSourceTrait': dict({
          'assessedVoltage': 5.8,
          'remaining': dict({
            'remainingPercent': 0.85,
          }),
        }),
        'weave.trait.security.BoltLockCapabilitiesTrait': dict({
          'maxAutoRelockDuration': '600s',
        }),
        'weave.trait.security.BoltLockTrait': dict({
          'actuatorState': 'BOLT_ACTUATOR_STATE_OK',
          'boltLockActor': dict({
            'method': 'BOLT_LOCK_ACTOR_METHOD_KEYPAD_PIN',
          }),
          'lockedState': 'BOLT_LOCKED_STATE_LOCKED',
        }),
        'weave.trait.security.TamperTrait': dict({
          'tamperState': 'TAMPER_STATE_CLEAR',
        }),
      }),
      'DEVICE_0000000000000003': dict({
        'nest.trait.hvac.DisplaySettingsTrait': dict({
          'temperatureScale': 'TEMPERATURE_SCALE_F',
        }),
        'nest.trait.hvac.EquipmentSettingsTrait': dict({
          'dualFuelBreakpoint': dict({
            'value': -2.187271,
          }),
          'dualFuelBreakpointOverride': 'DUAL_FUEL_OVERRIDE_NONE',
          'dualFuelSelected': 'DUAL_FUEL_SELECTION_DUAL_FUEL',
        }),
        'nest.trait.hvac.HvacControlTrait': dict({
        }),
        'nest.trait.located.DeviceLocatedSettingsTrait': dict({
          'whereAnnotationRid': dict({
            'resourceId': 'where-hallway',
          }),
        }),
        'weave.trait.description.DeviceIdentityTrait': dict({
          'serialNumber': '18B430DDDDDD0002',
          'softwareVersion': '6.2-24',
        }),
        'weave.trait.description.LabelSettingsTrait': dict({
          'label': 'Upstairs',
        }),
        'weave.trait.heartbeat.LivenessTrait': dict({
          'status': 'LIVENESS_DEVICE_STATUS_ONLINE',
        }),
      }),
      'DEVICE_0000000000000004': dict({
        'nest.trait.located.DeviceLocatedSettingsTrait': dict({
          'whereAnnotationRid': dict({
            'resourceId': 'where-hallway',
          }),
        }),
        'nest.trait.safety.SafetyAlarmCOTrait': dict({
          'alarmState': 'ALARM_STATE_IDLE',
        }),
        'nest.trait.safety.SafetyAlarmSmokeTrait': dict({
          'alarmState': 'ALARM_STATE_IDLE',
        }),
        'nest.trait.sensor.CarbonMonoxideTrait': dict({
        }),
        'nest.trait.sensor.SmokeTrait': dict({
        }),
        'weave.trait.description.DeviceIdentityTrait': dict({
          'serialNumber': '18B430DDDDDD0003',
          'softwareVersion': '3.4.2',
        }),
        'weave.trait.description.LabelSettingsTrait': dict({
          'label': 'Landing',
        }),
        'weave.trait.heartbeat.LivenessTrait': dict({
          'status': 'LIVENESS_DEVICE_STATUS_ONLINE',
        }),
      }),
      'DEVICE_0000000000000005': dict({
        'nest.trait.located.DeviceLocatedSettingsTrait': dict({
          'whereAnnotationRid': dict({
            'resourceId': 'where-front-door',
          }),
        }),
        'nest.trait.product.camera.RecordingToggleTrait': dict({
          'currentCameraState': 'CAMERA_ON',
        }),
        'nest.trait.product.camera.StreamingProtocolTrait': dict({
        }),
        'weave.trait.description.DeviceIdentityTrait': dict({
          'serialNumber': '18B430DDDDDD0004',
          'softwareVersion': '1.2.3',
        }),
        'weave.trait.description.LabelSettingsTrait': dict({
          'label': 'Driveway',
        }),
        'weave.trait.heartbeat.LivenessTrait': dict({
          'status': 'LIVENESS_DEVICE_STATUS_ONLINE',
        }),
      }),
      'DEVICE_0000000000000006': dict({
        'nest.trait.located.DeviceLocatedSettingsTrait': dict({
          'whereAnnotationRid': dict({
            'resourceId': 'where-hallway',
          }),
        }),
        'nest.trait.sensor.TemperatureTrait': dict({
          'temperatureValue': dict({
            'temperature': 19.5,
          }),
        }),
        'weave.trait.description.DeviceIdentityTrait': dict({
          'serialNumber': '18B430DDDDDD0005',
          'softwareVersion': '1.0.0',
        }),
        'weave.trait.description.LabelSettingsTrait': dict({
          'label': 'Study Sensor',
        }),
        'weave.trait.heartbeat.LivenessTrait': dict({
          'status': 'LIVENESS_DEVICE_STATUS_ONLINE',
        }),
        'weave.trait.power.BatteryPowerSourceTrait': dict({
          'remaining': dict({
            'remainingPercent': 0.71,
          }),
        }),
      }),
      'STRUCTURE_0000000000000001': dict({
        'nest.trait.located.LocatedAnnotationsTrait': dict({
          'predefinedWheres': dict({
            '0': dict({
              'label': dict({
                'literal': 'Front Door',
              }),
              'whereId': dict({
                'resourceId': 'where-front-door',
              }),
            }),
            '1': dict({
              'label': dict({
                'literal': 'Hallway',
              }),
              'whereId': dict({
                'resourceId': 'where-hallway',
              }),
            }),
          }),
        }),
        'nest.trait.occupancy.StructureModeTrait': dict({
          'structureMode': 'STRUCTURE_MODE_HOME',
        }),
        'nest.trait.structure.StructureInfoTrait': dict({
          'name': '**REDACTED**',
        }),
        'nest.trait.structure.StructureLocationTrait': dict({
          'addressLines': list([
            '1 Test Street',
          ]),
        }),
        'weave.trait.description.DeviceIdentityTrait': dict({
          'serialNumber': '00000000-0000-0000-0000-000000000001',
        }),
      }),
      'device.09AA00AA00AA0AAA': dict({
        'backplate_temperature': 21.05,
        'battery_level': 3.86,
        'current_humidity': 43,
        'current_water_temperature': 51.5,
        'description': 'Thermostat',
        'fan_capabilities': 'stage1',
        'fan_duration': 900,
        'fan_timer_speed': 'stage1',
        'fan_timer_timeout': 0,
        'has_dehumidifier': False,
        'has_fan': True,
        'has_hot_water_control': True,
        'has_hot_water_temperature': True,
        'has_humidifier': True,
        'heat_link_model': 'Amber-2.5',
        'heat_link_serial_number': '09AA00AA00AA0AAB',
        'heat_link_sw_version': '2.1.4',
        'hot_water_active': False,
        'hot_water_away_enabled': True,
        'hot_water_boost_time_to_end': 0,
        'hot_water_mode': 'schedule',
        'hot_water_temperature': 55.0,
        'humidifier_state': False,
        'mac_address': '**REDACTED**',
        'model': 'Learning Thermostat, 3rd Gen',
        'serial_number': '09AA00AA00AA0AAA',
        'software_version': '6.2-24',
        'target_humidity': 35,
        'temperature_scale': 'F',
        'where_id': 'where-hallway',
      }),
      'kryptonite.18B430CCCCCC0001': dict({
        'battery_level': 92.0,
        'current_temperature': 19.5,
        'description': 'Bedroom Sensor',
        'last_updated_at': 4102444800,
        'model': 'Temperature Sensor',
        'serial_number': '18B430CCCCCC0001',
        'where_id': 'where-bedroom',
      }),
      'link.09AA00AA00AA0AAA': dict({
        'structure': 'structure.00000000-0000-0000-0000-000000000001',
      }),
      'quartz.18B430CCCCCC0002': dict({
        'audio_input_enabled': True,
        'capabilities': list([
          'indoor_chime',
        ]),
        'description': 'Doorbell',
        'mac_address': '**REDACTED**',
        'model': 'Nest Hello Doorbell',
        'nexus_api_http_server_url': 'https://nexusapi-test.dropcam.com',
        'properties': dict({
          'doorbell.chime_assist.enabled': False,
          'doorbell.indoor_chime.enabled': True,
          'irled.state': 'auto_on',
          'rq_battery_battery_volt': '4.1',
          'statusled.brightness': 2,
          'video.flipped': False,
        }),
        'serial_number': '18B430CCCCCC0002',
        'software_version': '1.2.3',
        'streaming_state': 'streaming-enabled',
        'structure_id': '00000000-0000-0000-0000-000000000001',
        'web_url': 'https://home.nest.com/cameras/18B430CCCCCC0002',
        'where_id': 'where-front-door',
      }),
      'rcs_settings.09AA00AA00AA0AAA': dict({
        'active_rcs_sensors': list([
        ]),
        'associated_rcs_sensors': list([
          'kryptonite.18B430CCCCCC0001',
        ]),
      }),
      'shared.09AA00AA00AA0AAA': dict({
        'can_cool': True,
        'can_heat': True,
        'compressor_lockout_enabled': False,
        'current_temperature': 21.11,
        'hvac_ac_state': False,
        'hvac_heater_state': True,
        'target_temperature': 22.222222,
        'target_temperature_high': 24.444444,
        'target_temperature_low': 20.0,
        'target_temperature_type': 'heat',
      }),
      'structure.00000000-0000-0000-0000-000000000001': dict({
        'away': False,
        'name': '**REDACTED**',
        'vacation_mode': False,
      }),
      'topaz.09AA00AA00AA0AA1': dict({
        'battery_health_state': 0,
        'battery_level': 5800,
        'co_status': 0,
        'component_buzzer_test_passed': True,
        'component_co_test_passed': True,
        'component_hum_test_passed': True,
        'component_led_test_passed': True,
        'component_pir_test_passed': True,
        'component_smoke_test_passed': True,
        'component_speaker_test_passed': True,
        'component_wifi_test_passed': True,
        'description': 'Hallway Protect',
        'heads_up_enable': True,
        'heat_status': 0,
        'last_audio_self_test_end_utc_secs': 1767225600,
        'latest_manual_test_end_utc_secs': 1767225600,
        'model': 'Topaz-2.7',
        'night_light_brightness': 2,
        'night_light_enable': True,
        'ntp_green_led_enable': True,
        'removed_from_base': False,
        'replace_by_date_utc_secs': 1893456000,
        'serial_number': '09AA00AA00AA0AA1',
        'smoke_status': 0,
        'software_version': '3.4.2',
        'steam_detection_enable': True,
        'where_id': 'where-hallway',
        'wifi_mac_address': '**REDACTED**',
        'wired_or_battery': 1,
      }),
      'track.09AA00AA00AA0AAA': dict({
        'online': True,
      }),
      'where.00000000-0000-0000-0000-000000000001': dict({
        'wheres': list([
          dict({
            'name': '**REDACTED**',
            'where_id': 'where-living-room',
          }),
          dict({
            'name': '**REDACTED**',
            'where_id': 'where-hallway',
          }),
          dict({
            'name': '**REDACTED**',
            'where_id': 'where-bedroom',
          }),
          dict({
            'name': '**REDACTED**',
            'where_id': 'where-front-door',
          }),
        ]),
      }),
      'widget_track.09AA00AA00AA0AA1': dict({
        'online': True,
      }),
    }),
  })
# ---
# name: test_device_diagnostics
  dict({
    'device_entry': dict({
      'hw_version': None,
      'manufacturer': 'Google',
      'model': 'Learning Thermostat, 3rd Gen',
      'name': '**REDACTED**',
      'sw_version': '6.2-24',
    }),
    'processed_data': dict({
      'backplate_temperature': 21.05,
      'battery_level': 86.66666666666664,
      'battery_voltage': 3.86,
      'can_cool': True,
      'can_heat': True,
      'current_humidity': 43,
      'current_temperature': 21.11,
      'current_water_temperature': 51.5,
      'dehumidifier_state': False,
      'dual_fuel_breakpoint': None,
      'dual_fuel_breakpoint_override': None,
      'fan_duration': 900,
      'fan_max_speed': 1,
      'fan_state': False,
      'fan_timer_speed': 1,
      'fan_timer_timeout': 0,
      'filter_replacement_needed': None,
      'filter_runtime': None,
      'has_air_filter': False,
      'has_dehumidifier': False,
      'has_dual_fuel': False,
      'has_fan': True,
      'has_hot_water_control': True,
      'has_hot_water_temperature': True,
      'has_humidifier': True,
      'heat_link_model': 'Amber-2.5',
      'heat_link_serial_number': '09AA00AA00AA0AAB',
      'heat_link_sw_version': '2.1.4',
      'hot_water_active': False,
      'hot_water_away_enabled': True,
      'hot_water_boost_time_to_end': 0,
      'hot_water_control_active': False,
      'hot_water_mode': 'schedule',
      'hot_water_temperature': 55.0,
      'humidifier_state': False,
      'hvac_mode': 'heat',
      'hvac_state': 'heating',
      'is_eco_mode': False,
      'is_protobuf': False,
      'leaf': False,
      'location': '**REDACTED**',
      'mac_address': '**REDACTED**',
      'model': 'Learning Thermostat, 3rd Gen',
      'name': '**REDACTED**',
      'object_key': 'device.09AA00AA00AA0AAA',
      'occupancy': True,
      'online': True,
      'serial_number': '09AA00AA00AA0AAA',
      'software_version': '6.2-24',
      'target_humidity': 35,
      'target_temperature': 22.22222222222222,
      'target_temperature_high': 24.444444444444443,
      'target_temperature_low': 20.0,
      'temperature_lock': False,
      'temperature_scale': 'F',
    }),
    'raw_data': dict({
      'backplate_temperature': 21.05,
      'battery_level': 3.86,
      'current_humidity': 43,
      'current_water_temperature': 51.5,
      'description': 'Thermostat',
      'fan_capabilities': 'stage1',
      'fan_duration': 900,
      'fan_timer_speed': 'stage1',
      'fan_timer_timeout': 0,
      'has_dehumidifier': False,
      'has_fan': True,
      'has_hot_water_control': True,
      'has_hot_water_temperature': True,
      'has_humidifier': True,
      'heat_link_model': 'Amber-2.5',
      'heat_link_serial_number': '09AA00AA00AA0AAB',
      'heat_link_sw_version': '2.1.4',
      'hot_water_active': False,
      'hot_water_away_enabled': True,
      'hot_water_boost_time_to_end': 0,
      'hot_water_mode': 'schedule',
      'hot_water_temperature': 55.0,
      'humidifier_state': False,
      'mac_address': '**REDACTED**',
      'model': 'Learning Thermostat, 3rd Gen',
      'serial_number': '09AA00AA00AA0AAA',
      'software_version': '6.2-24',
      'target_humidity': 35,
      'temperature_scale': 'F',
      'where_id': 'where-hallway',
    }),
  })
# ---
